exports[`test renders properly 1`] = `
ShallowWrapper {
  "complexSelector": ComplexSelector {
    "buildPredicate": [Function],
    "childrenOfNode": [Function],
    "findWhereUnwrapped": [Function],
  },
  "length": 1,
  "node": <AppComponent
    authenticated={undefined}
    store={
        Object {
            "clearActions": [Function],
            "dispatch": [Function],
            "getActions": [Function],
            "getState": [Function],
            "replaceReducer": [Function],
            "subscribe": [Function],
          }
    }
    storeSubscription={
        Subscription {
            "listeners": Object {
              "notify": [Function],
            },
            "onStateChange": [Function],
            "parentSub": undefined,
            "store": Object {
              "clearActions": [Function],
              "dispatch": [Function],
              "getActions": [Function],
              "getState": [Function],
              "replaceReducer": [Function],
              "subscribe": [Function],
            },
            "unsubscribe": null,
          }
    }>
    <Connect(AppComponent) />
</AppComponent>,
  "nodes": Array [
    <AppComponent
      authenticated={undefined}
      store={
            Object {
                  "clearActions": [Function],
                  "dispatch": [Function],
                  "getActions": [Function],
                  "getState": [Function],
                  "replaceReducer": [Function],
                  "subscribe": [Function],
                }
      }
      storeSubscription={
            Subscription {
                  "listeners": Object {
                    "notify": [Function],
                  },
                  "onStateChange": [Function],
                  "parentSub": undefined,
                  "store": Object {
                    "clearActions": [Function],
                    "dispatch": [Function],
                    "getActions": [Function],
                    "getState": [Function],
                    "replaceReducer": [Function],
                    "subscribe": [Function],
                  },
                  "unsubscribe": null,
                }
      }>
      <Connect(AppComponent) />
</AppComponent>,
  ],
  "options": Object {},
  "renderer": ReactShallowRenderer {
    "_instance": ShallowComponentWrapper {
      "_calledComponentWillUnmount": false,
      "_compositeType": 0,
      "_context": Object {},
      "_currentElement": <Connect(AppComponent)
        store={
                Object {
                        "clearActions": [Function],
                        "dispatch": [Function],
                        "getActions": [Function],
                        "getState": [Function],
                        "replaceReducer": [Function],
                        "subscribe": [Function],
                      }
        }>
        <Connect(AppComponent) />
</Connect(AppComponent)>,
      "_debugID": 1,
      "_hostContainerInfo": null,
      "_hostParent": null,
      "_instance": Connect {
        "_reactInternalInstance": [Circular],
        "context": Object {
          "store": undefined,
          "storeSubscription": undefined,
        },
        "notifyNestedSubs": [Function],
        "props": Object {
          "children": <Connect(AppComponent) />,
          "store": Object {
            "clearActions": [Function],
            "dispatch": [Function],
            "getActions": [Function],
            "getState": [Function],
            "replaceReducer": [Function],
            "subscribe": [Function],
          },
        },
        "propsMode": true,
        "refs": Object {},
        "renderCount": 0,
        "selector": Object {
          "error": null,
          "props": Object {
            "authenticated": undefined,
            "children": <Connect(AppComponent) />,
            "store": Object {
              "clearActions": [Function],
              "dispatch": [Function],
              "getActions": [Function],
              "getState": [Function],
              "replaceReducer": [Function],
              "subscribe": [Function],
            },
          },
          "run": [Function],
          "shouldComponentUpdate": false,
        },
        "setWrappedInstance": [Function],
        "state": Object {},
        "store": Object {
          "clearActions": [Function],
          "dispatch": [Function],
          "getActions": [Function],
          "getState": [Function],
          "replaceReducer": [Function],
          "subscribe": [Function],
        },
        "subscription": Subscription {
          "listeners": Object {
            "notify": [Function],
          },
          "onStateChange": [Function],
          "parentSub": undefined,
          "store": Object {
            "clearActions": [Function],
            "dispatch": [Function],
            "getActions": [Function],
            "getState": [Function],
            "replaceReducer": [Function],
            "subscribe": [Function],
          },
          "unsubscribe": null,
        },
        "updater": Object {
          "enqueueCallback": [Function],
          "enqueueCallbackInternal": [Function],
          "enqueueElementInternal": [Function],
          "enqueueForceUpdate": [Function],
          "enqueueReplaceState": [Function],
          "enqueueSetState": [Function],
          "isMounted": [Function],
          "validateCallback": [Function],
        },
        "version": 3,
      },
      "_mountOrder": 1,
      "_pendingCallbacks": null,
      "_pendingElement": null,
      "_pendingForceUpdate": false,
      "_pendingReplaceState": false,
      "_pendingStateQueue": null,
      "_renderedComponent": NoopInternalComponent {
        "_currentElement": <AppComponent
          authenticated={undefined}
          store={
                    Object {
                              "clearActions": [Function],
                              "dispatch": [Function],
                              "getActions": [Function],
                              "getState": [Function],
                              "replaceReducer": [Function],
                              "subscribe": [Function],
                            }
          }
          storeSubscription={
                    Subscription {
                              "listeners": Object {
                                "notify": [Function],
                              },
                              "onStateChange": [Function],
                              "parentSub": undefined,
                              "store": Object {
                                "clearActions": [Function],
                                "dispatch": [Function],
                                "getActions": [Function],
                                "getState": [Function],
                                "replaceReducer": [Function],
                                "subscribe": [Function],
                              },
                              "unsubscribe": null,
                            }
          }>
          <Connect(AppComponent) />
</AppComponent>,
        "_debugID": 2,
        "_renderedOutput": <AppComponent
          authenticated={undefined}
          store={
                    Object {
                              "clearActions": [Function],
                              "dispatch": [Function],
                              "getActions": [Function],
                              "getState": [Function],
                              "replaceReducer": [Function],
                              "subscribe": [Function],
                            }
          }
          storeSubscription={
                    Subscription {
                              "listeners": Object {
                                "notify": [Function],
                              },
                              "onStateChange": [Function],
                              "parentSub": undefined,
                              "store": Object {
                                "clearActions": [Function],
                                "dispatch": [Function],
                                "getActions": [Function],
                                "getState": [Function],
                                "replaceReducer": [Function],
                                "subscribe": [Function],
                              },
                              "unsubscribe": null,
                            }
          }>
          <Connect(AppComponent) />
</AppComponent>,
      },
      "_renderedNodeType": 1,
      "_rootNodeID": 0,
      "_topLevelWrapper": null,
      "_updateBatchNumber": null,
      "_warnedAboutRefsInRender": false,
    },
    "getRenderOutput": [Function],
    "render": [Function],
  },
  "root": [Circular],
  "unrendered": <Connect(AppComponent)
    store={
        Object {
            "clearActions": [Function],
            "dispatch": [Function],
            "getActions": [Function],
            "getState": [Function],
            "replaceReducer": [Function],
            "subscribe": [Function],
          }
    }>
    <Connect(AppComponent) />
</Connect(AppComponent)>,
}
`;
