exports[`test renders properly 1`] = `
ShallowWrapper {
  "complexSelector": ComplexSelector {
    "buildPredicate": [Function],
    "childrenOfNode": [Function],
    "findWhereUnwrapped": [Function],
  },
  "length": 1,
  "node": <div>
    <FloatingActionButton
        disabled={false}
        mini={true}
        onClick={[Function]}
        secondary={false}
        style={
            Object {
                "float": "right",
                "marginBottom": "1.5%",
                "marginRight": "1%",
              }
        }
        zDepth={1}>
        <ContentAdd />
    </FloatingActionButton>
    <Dialog
        actions={
            Array [
                <FlatButton
                  disabled={false}
                  fullWidth={false}
                  label="Cancel"
                  labelPosition="after"
                  labelStyle={Object {}}
                  onClick={[Function]}
                  onKeyboardFocus={[Function]}
                  onMouseEnter={[Function]}
                  onMouseLeave={[Function]}
                  onTouchStart={[Function]}
                  primary={true}
                  secondary={false} />,
                <FlatButton
                  disabled={false}
                  fullWidth={false}
                  label="Submit"
                  labelPosition="after"
                  labelStyle={Object {}}
                  onClick={[Function]}
                  onKeyboardFocus={[Function]}
                  onMouseEnter={[Function]}
                  onMouseLeave={[Function]}
                  onTouchStart={[Function]}
                  primary={true}
                  secondary={false} />,
              ]
        }
        autoDetectWindowHeight={true}
        autoScrollBodyContent={false}
        modal={true}
        open={false}
        repositionOnUpdate={true}
        title="Add TODO">
        <TextField
            disabled={false}
            floatingLabelFixed={false}
            fullWidth={false}
            hintText="New Task"
            multiLine={false}
            onChange={[Function]}
            rows={1}
            type="text"
            underlineShow={true} />
    </Dialog>
</div>,
  "nodes": Array [
    <div>
      <FloatingActionButton
            disabled={false}
            mini={true}
            onClick={[Function]}
            secondary={false}
            style={
                  Object {
                        "float": "right",
                        "marginBottom": "1.5%",
                        "marginRight": "1%",
                      }
            }
            zDepth={1}>
            <ContentAdd />
      </FloatingActionButton>
      <Dialog
            actions={
                  Array [
                        <FlatButton
                          disabled={false}
                          fullWidth={false}
                          label="Cancel"
                          labelPosition="after"
                          labelStyle={Object {}}
                          onClick={[Function]}
                          onKeyboardFocus={[Function]}
                          onMouseEnter={[Function]}
                          onMouseLeave={[Function]}
                          onTouchStart={[Function]}
                          primary={true}
                          secondary={false} />,
                        <FlatButton
                          disabled={false}
                          fullWidth={false}
                          label="Submit"
                          labelPosition="after"
                          labelStyle={Object {}}
                          onClick={[Function]}
                          onKeyboardFocus={[Function]}
                          onMouseEnter={[Function]}
                          onMouseLeave={[Function]}
                          onTouchStart={[Function]}
                          primary={true}
                          secondary={false} />,
                      ]
            }
            autoDetectWindowHeight={true}
            autoScrollBodyContent={false}
            modal={true}
            open={false}
            repositionOnUpdate={true}
            title="Add TODO">
            <TextField
                  disabled={false}
                  floatingLabelFixed={false}
                  fullWidth={false}
                  hintText="New Task"
                  multiLine={false}
                  onChange={[Function]}
                  rows={1}
                  type="text"
                  underlineShow={true} />
      </Dialog>
</div>,
  ],
  "options": Object {},
  "renderer": ReactShallowRenderer {
    "_instance": ShallowComponentWrapper {
      "_calledComponentWillUnmount": false,
      "_compositeType": 0,
      "_context": Object {},
      "_currentElement": <TodoAddComponent
        onAddTodo={[Function]} />,
      "_debugID": 1,
      "_hostContainerInfo": null,
      "_hostParent": null,
      "_instance": TodoAddComponent {
        "_reactInternalInstance": [Circular],
        "actions": Array [
          <FlatButton
            disabled={false}
            fullWidth={false}
            label="Cancel"
            labelPosition="after"
            labelStyle={Object {}}
            onClick={[Function]}
            onKeyboardFocus={[Function]}
            onMouseEnter={[Function]}
            onMouseLeave={[Function]}
            onTouchStart={[Function]}
            primary={true}
            secondary={false} />,
          <FlatButton
            disabled={false}
            fullWidth={false}
            label="Submit"
            labelPosition="after"
            labelStyle={Object {}}
            onClick={[Function]}
            onKeyboardFocus={[Function]}
            onMouseEnter={[Function]}
            onMouseLeave={[Function]}
            onTouchStart={[Function]}
            primary={true}
            secondary={false} />,
        ],
        "context": Object {},
        "props": Object {
          "onAddTodo": [Function],
        },
        "refs": Object {},
        "state": Object {
          "open": false,
          "text": "",
        },
        "updater": Object {
          "enqueueCallback": [Function],
          "enqueueCallbackInternal": [Function],
          "enqueueElementInternal": [Function],
          "enqueueForceUpdate": [Function],
          "enqueueReplaceState": [Function],
          "enqueueSetState": [Function],
          "isMounted": [Function],
          "validateCallback": [Function],
        },
      },
      "_mountOrder": 1,
      "_pendingCallbacks": null,
      "_pendingElement": null,
      "_pendingForceUpdate": false,
      "_pendingReplaceState": false,
      "_pendingStateQueue": null,
      "_renderedComponent": NoopInternalComponent {
        "_currentElement": <div>
          <FloatingActionButton
                    disabled={false}
                    mini={true}
                    onClick={[Function]}
                    secondary={false}
                    style={
                              Object {
                                        "float": "right",
                                        "marginBottom": "1.5%",
                                        "marginRight": "1%",
                                      }
                    }
                    zDepth={1}>
                    <ContentAdd />
          </FloatingActionButton>
          <Dialog
                    actions={
                              Array [
                                        <FlatButton
                                          disabled={false}
                                          fullWidth={false}
                                          label="Cancel"
                                          labelPosition="after"
                                          labelStyle={Object {}}
                                          onClick={[Function]}
                                          onKeyboardFocus={[Function]}
                                          onMouseEnter={[Function]}
                                          onMouseLeave={[Function]}
                                          onTouchStart={[Function]}
                                          primary={true}
                                          secondary={false} />,
                                        <FlatButton
                                          disabled={false}
                                          fullWidth={false}
                                          label="Submit"
                                          labelPosition="after"
                                          labelStyle={Object {}}
                                          onClick={[Function]}
                                          onKeyboardFocus={[Function]}
                                          onMouseEnter={[Function]}
                                          onMouseLeave={[Function]}
                                          onTouchStart={[Function]}
                                          primary={true}
                                          secondary={false} />,
                                      ]
                    }
                    autoDetectWindowHeight={true}
                    autoScrollBodyContent={false}
                    modal={true}
                    open={false}
                    repositionOnUpdate={true}
                    title="Add TODO">
                    <TextField
                              disabled={false}
                              floatingLabelFixed={false}
                              fullWidth={false}
                              hintText="New Task"
                              multiLine={false}
                              onChange={[Function]}
                              rows={1}
                              type="text"
                              underlineShow={true} />
          </Dialog>
</div>,
        "_debugID": 2,
        "_renderedOutput": <div>
          <FloatingActionButton
                    disabled={false}
                    mini={true}
                    onClick={[Function]}
                    secondary={false}
                    style={
                              Object {
                                        "float": "right",
                                        "marginBottom": "1.5%",
                                        "marginRight": "1%",
                                      }
                    }
                    zDepth={1}>
                    <ContentAdd />
          </FloatingActionButton>
          <Dialog
                    actions={
                              Array [
                                        <FlatButton
                                          disabled={false}
                                          fullWidth={false}
                                          label="Cancel"
                                          labelPosition="after"
                                          labelStyle={Object {}}
                                          onClick={[Function]}
                                          onKeyboardFocus={[Function]}
                                          onMouseEnter={[Function]}
                                          onMouseLeave={[Function]}
                                          onTouchStart={[Function]}
                                          primary={true}
                                          secondary={false} />,
                                        <FlatButton
                                          disabled={false}
                                          fullWidth={false}
                                          label="Submit"
                                          labelPosition="after"
                                          labelStyle={Object {}}
                                          onClick={[Function]}
                                          onKeyboardFocus={[Function]}
                                          onMouseEnter={[Function]}
                                          onMouseLeave={[Function]}
                                          onTouchStart={[Function]}
                                          primary={true}
                                          secondary={false} />,
                                      ]
                    }
                    autoDetectWindowHeight={true}
                    autoScrollBodyContent={false}
                    modal={true}
                    open={false}
                    repositionOnUpdate={true}
                    title="Add TODO">
                    <TextField
                              disabled={false}
                              floatingLabelFixed={false}
                              fullWidth={false}
                              hintText="New Task"
                              multiLine={false}
                              onChange={[Function]}
                              rows={1}
                              type="text"
                              underlineShow={true} />
          </Dialog>
</div>,
      },
      "_renderedNodeType": 0,
      "_rootNodeID": 0,
      "_topLevelWrapper": null,
      "_updateBatchNumber": null,
      "_warnedAboutRefsInRender": false,
    },
    "getRenderOutput": [Function],
    "render": [Function],
  },
  "root": [Circular],
  "unrendered": <TodoAddComponent
    onAddTodo={[Function]} />,
}
`;
