exports[`test renders properly, default tab selected 1`] = `
ShallowWrapper {
  "complexSelector": ComplexSelector {
    "buildPredicate": [Function],
    "childrenOfNode": [Function],
    "findWhereUnwrapped": [Function],
  },
  "length": 1,
  "node": <BottomNavigation
    selectedIndex={0}>
    <BottomNavigationItem
        icon={<NotificationSync />}
        label="All"
        onClick={[Function]} />
    <BottomNavigationItem
        icon={<ToggleCheckBoxOutlineBlank />}
        label="Active"
        onClick={[Function]} />
    <BottomNavigationItem
        icon={<ToggleCheckBox />}
        label="Completed"
        onClick={[Function]} />
</BottomNavigation>,
  "nodes": Array [
    <BottomNavigation
      selectedIndex={0}>
      <BottomNavigationItem
            icon={<NotificationSync />}
            label="All"
            onClick={[Function]} />
      <BottomNavigationItem
            icon={<ToggleCheckBoxOutlineBlank />}
            label="Active"
            onClick={[Function]} />
      <BottomNavigationItem
            icon={<ToggleCheckBox />}
            label="Completed"
            onClick={[Function]} />
</BottomNavigation>,
  ],
  "options": Object {},
  "renderer": ReactShallowRenderer {
    "_instance": ShallowComponentWrapper {
      "_calledComponentWillUnmount": false,
      "_compositeType": 0,
      "_context": Object {},
      "_currentElement": <TodoFilterComponent
        onTabSelected={[Function]} />,
      "_debugID": 1,
      "_hostContainerInfo": null,
      "_hostParent": null,
      "_instance": TodoFilterComponent {
        "_reactInternalInstance": [Circular],
        "context": Object {},
        "props": Object {
          "onTabSelected": [Function],
        },
        "refs": Object {},
        "state": Object {
          "selectedItem": 0,
        },
        "updater": Object {
          "enqueueCallback": [Function],
          "enqueueCallbackInternal": [Function],
          "enqueueElementInternal": [Function],
          "enqueueForceUpdate": [Function],
          "enqueueReplaceState": [Function],
          "enqueueSetState": [Function],
          "isMounted": [Function],
          "validateCallback": [Function],
        },
      },
      "_mountOrder": 1,
      "_pendingCallbacks": null,
      "_pendingElement": null,
      "_pendingForceUpdate": false,
      "_pendingReplaceState": false,
      "_pendingStateQueue": null,
      "_renderedComponent": NoopInternalComponent {
        "_currentElement": <BottomNavigation
          selectedIndex={0}>
          <BottomNavigationItem
                    icon={<NotificationSync />}
                    label="All"
                    onClick={[Function]} />
          <BottomNavigationItem
                    icon={<ToggleCheckBoxOutlineBlank />}
                    label="Active"
                    onClick={[Function]} />
          <BottomNavigationItem
                    icon={<ToggleCheckBox />}
                    label="Completed"
                    onClick={[Function]} />
</BottomNavigation>,
        "_debugID": 2,
        "_renderedOutput": <BottomNavigation
          selectedIndex={0}>
          <BottomNavigationItem
                    icon={<NotificationSync />}
                    label="All"
                    onClick={[Function]} />
          <BottomNavigationItem
                    icon={<ToggleCheckBoxOutlineBlank />}
                    label="Active"
                    onClick={[Function]} />
          <BottomNavigationItem
                    icon={<ToggleCheckBox />}
                    label="Completed"
                    onClick={[Function]} />
</BottomNavigation>,
      },
      "_renderedNodeType": 1,
      "_rootNodeID": 0,
      "_topLevelWrapper": null,
      "_updateBatchNumber": null,
      "_warnedAboutRefsInRender": false,
    },
    "getRenderOutput": [Function],
    "render": [Function],
  },
  "root": [Circular],
  "unrendered": <TodoFilterComponent
    onTabSelected={[Function]} />,
}
`;
